MPLINK 5.08, LINKER
Linker Map File - Created Thu Apr 26 08:17:42 2018

                                 Section Info
                  Section       Type    Address   Location Size(Bytes)
                ---------  ---------  ---------  ---------  ---------
                   .org_0       code   0x000000    program   0x000004
                   .cinit    romdata   0x000002    program   0x000004
                   .org_1       code   0x000004    program   0x000486
                   .org_2       code   0x000300    program   0x000600
                   .org_3       code   0x000600    program   0x000400
                   .org_4       code   0x000800    program   0x000408
.config_8007_BUILD/DEFAULT/PRODUCTION/NEWPIC_       code   0x008007    program   0x000002
.config_8008_BUILD/DEFAULT/PRODUCTION/NEWPIC_       code   0x008008    program   0x000002



                              Program Memory Usage 
                               Start         End      
                           ---------   ---------      
                            0x000000    0x000246      
                            0x000300    0x000a03      
                            0x008007    0x008008      
            2381 out of 4103 program addresses used, program memory utilization is 58%



                              Symbols - Sorted by Name
                     Name    Address   Location    Storage File                     
                ---------  ---------  ---------  --------- ---------                
                   Attack   0x000081    program     static C:\Users\OZHall\MPLABXProjects\ENVGEN8_ElecDruid_Z209\newpic_8b_simple.asm
                 AttackCV   0x0001d8    program     static C:\Users\OZHall\MPLABXProjects\ENVGEN8_ElecDruid_Z209\newpic_8b_simple.asm
              AttackCurve   0x000600    program     static C:\Users\OZHall\MPLABXProjects\ENVGEN8_ElecDruid_Z209\newpic_8b_simple.asm
            AttackScaling   0x000094    program     static C:\Users\OZHall\MPLABXProjects\ENVGEN8_ElecDruid_Z209\newpic_8b_simple.asm
          ControlLookupHi   0x000300    program     static C:\Users\OZHall\MPLABXProjects\ENVGEN8_ElecDruid_Z209\newpic_8b_simple.asm
          ControlLookupLo   0x000500    program     static C:\Users\OZHall\MPLABXProjects\ENVGEN8_ElecDruid_Z209\newpic_8b_simple.asm
         ControlLookupMid   0x000400    program     static C:\Users\OZHall\MPLABXProjects\ENVGEN8_ElecDruid_Z209\newpic_8b_simple.asm
                DACOutput   0x0000d8    program     static C:\Users\OZHall\MPLABXProjects\ENVGEN8_ElecDruid_Z209\newpic_8b_simple.asm
                    Decay   0x0000a0    program     static C:\Users\OZHall\MPLABXProjects\ENVGEN8_ElecDruid_Z209\newpic_8b_simple.asm
                  DecayCV   0x0001eb    program     static C:\Users\OZHall\MPLABXProjects\ENVGEN8_ElecDruid_Z209\newpic_8b_simple.asm
               DecayCurve   0x000802    program     static C:\Users\OZHall\MPLABXProjects\ENVGEN8_ElecDruid_Z209\newpic_8b_simple.asm
             DecayScaling   0x0000b2    program     static C:\Users\OZHall\MPLABXProjects\ENVGEN8_ElecDruid_Z209\newpic_8b_simple.asm
           DoADConversion   0x000166    program     static C:\Users\OZHall\MPLABXProjects\ENVGEN8_ElecDruid_Z209\newpic_8b_simple.asm
              EndEnvelope   0x000029    program     static C:\Users\OZHall\MPLABXProjects\ENVGEN8_ElecDruid_Z209\newpic_8b_simple.asm
        ExponentialAttack   0x00008b    program     static C:\Users\OZHall\MPLABXProjects\ENVGEN8_ElecDruid_Z209\newpic_8b_simple.asm
         ExponentialDecay   0x0000a9    program     static C:\Users\OZHall\MPLABXProjects\ENVGEN8_ElecDruid_Z209\newpic_8b_simple.asm
       ExponentialRelease   0x0000c6    program     static C:\Users\OZHall\MPLABXProjects\ENVGEN8_ElecDruid_Z209\newpic_8b_simple.asm
         GenerateEnvelope   0x000032    program     static C:\Users\OZHall\MPLABXProjects\ENVGEN8_ElecDruid_Z209\newpic_8b_simple.asm
          GetAttackOffset   0x00003a    program     static C:\Users\OZHall\MPLABXProjects\ENVGEN8_ElecDruid_Z209\newpic_8b_simple.asm
           GetDecayOffset   0x00003e    program     static C:\Users\OZHall\MPLABXProjects\ENVGEN8_ElecDruid_Z209\newpic_8b_simple.asm
           GetPunchOffset   0x00003c    program     static C:\Users\OZHall\MPLABXProjects\ENVGEN8_ElecDruid_Z209\newpic_8b_simple.asm
         GetReleaseOffset   0x000040    program     static C:\Users\OZHall\MPLABXProjects\ENVGEN8_ElecDruid_Z209\newpic_8b_simple.asm
           IncrementPhase   0x000041    program     static C:\Users\OZHall\MPLABXProjects\ENVGEN8_ElecDruid_Z209\newpic_8b_simple.asm
           InterruptEnter   0x000004    program     static C:\Users\OZHall\MPLABXProjects\ENVGEN8_ElecDruid_Z209\newpic_8b_simple.asm
            InterruptExit   0x0000df    program     static C:\Users\OZHall\MPLABXProjects\ENVGEN8_ElecDruid_Z209\newpic_8b_simple.asm
          LookupAndInterp   0x00013d    program     static C:\Users\OZHall\MPLABXProjects\ENVGEN8_ElecDruid_Z209\newpic_8b_simple.asm
             LoopToAttack   0x00006c    program     static C:\Users\OZHall\MPLABXProjects\ENVGEN8_ElecDruid_Z209\newpic_8b_simple.asm
 LoopingEnvelopeOrLFOMode   0x00005a    program     static C:\Users\OZHall\MPLABXProjects\ENVGEN8_ElecDruid_Z209\newpic_8b_simple.asm
                     Main   0x000173    program     static C:\Users\OZHall\MPLABXProjects\ENVGEN8_ElecDruid_Z209\newpic_8b_simple.asm
                 MainLoop   0x0001cb    program     static C:\Users\OZHall\MPLABXProjects\ENVGEN8_ElecDruid_Z209\newpic_8b_simple.asm
                   ModeCV   0x00021a    program     static C:\Users\OZHall\MPLABXProjects\ENVGEN8_ElecDruid_Z209\newpic_8b_simple.asm
                 MultBit0   0x0000e2    program     static C:\Users\OZHall\MPLABXProjects\ENVGEN8_ElecDruid_Z209\newpic_8b_simple.asm
                 MultBit1   0x0000e9    program     static C:\Users\OZHall\MPLABXProjects\ENVGEN8_ElecDruid_Z209\newpic_8b_simple.asm
                 MultBit2   0x0000f2    program     static C:\Users\OZHall\MPLABXProjects\ENVGEN8_ElecDruid_Z209\newpic_8b_simple.asm
                 MultBit3   0x0000fb    program     static C:\Users\OZHall\MPLABXProjects\ENVGEN8_ElecDruid_Z209\newpic_8b_simple.asm
                 MultBit4   0x000104    program     static C:\Users\OZHall\MPLABXProjects\ENVGEN8_ElecDruid_Z209\newpic_8b_simple.asm
                 MultBit5   0x00010d    program     static C:\Users\OZHall\MPLABXProjects\ENVGEN8_ElecDruid_Z209\newpic_8b_simple.asm
                 MultBit6   0x000116    program     static C:\Users\OZHall\MPLABXProjects\ENVGEN8_ElecDruid_Z209\newpic_8b_simple.asm
                 MultBit7   0x00011f    program     static C:\Users\OZHall\MPLABXProjects\ENVGEN8_ElecDruid_Z209\newpic_8b_simple.asm
                 MultBit8   0x000128    program     static C:\Users\OZHall\MPLABXProjects\ENVGEN8_ElecDruid_Z209\newpic_8b_simple.asm
                 MultBit9   0x000131    program     static C:\Users\OZHall\MPLABXProjects\ENVGEN8_ElecDruid_Z209\newpic_8b_simple.asm
                  MultEnd   0x00013a    program     static C:\Users\OZHall\MPLABXProjects\ENVGEN8_ElecDruid_Z209\newpic_8b_simple.asm
            Multiply10x10   0x0000e0    program     static C:\Users\OZHall\MPLABXProjects\ENVGEN8_ElecDruid_Z209\newpic_8b_simple.asm
                NextStage   0x00004b    program     static C:\Users\OZHall\MPLABXProjects\ENVGEN8_ElecDruid_Z209\newpic_8b_simple.asm
           NormalEnvelope   0x000073    program     static C:\Users\OZHall\MPLABXProjects\ENVGEN8_ElecDruid_Z209\newpic_8b_simple.asm
                    Punch   0x00009c    program     static C:\Users\OZHall\MPLABXProjects\ENVGEN8_ElecDruid_Z209\newpic_8b_simple.asm
                  Release   0x0000bc    program     static C:\Users\OZHall\MPLABXProjects\ENVGEN8_ElecDruid_Z209\newpic_8b_simple.asm
                ReleaseCV   0x000202    program     static C:\Users\OZHall\MPLABXProjects\ENVGEN8_ElecDruid_Z209\newpic_8b_simple.asm
           ReleaseScaling   0x0000cf    program     static C:\Users\OZHall\MPLABXProjects\ENVGEN8_ElecDruid_Z209\newpic_8b_simple.asm
       ScannedAllChannels   0x0001d5    program     static C:\Users\OZHall\MPLABXProjects\ENVGEN8_ElecDruid_Z209\newpic_8b_simple.asm
         SelectADCChannel   0x0001cc    program     static C:\Users\OZHall\MPLABXProjects\ENVGEN8_ElecDruid_Z209\newpic_8b_simple.asm
              SelectStage   0x000076    program     static C:\Users\OZHall\MPLABXProjects\ENVGEN8_ElecDruid_Z209\newpic_8b_simple.asm
        SelectStageBranch   0x000078    program     static C:\Users\OZHall\MPLABXProjects\ENVGEN8_ElecDruid_Z209\newpic_8b_simple.asm
          SetEnvelopeMode   0x000227    program     static C:\Users\OZHall\MPLABXProjects\ENVGEN8_ElecDruid_Z209\newpic_8b_simple.asm
               SetLFOMode   0x00022e    program     static C:\Users\OZHall\MPLABXProjects\ENVGEN8_ElecDruid_Z209\newpic_8b_simple.asm
   SetLoopingEnvelopeMode   0x00023a    program     static C:\Users\OZHall\MPLABXProjects\ENVGEN8_ElecDruid_Z209\newpic_8b_simple.asm
                SkipPunch   0x000051    program     static C:\Users\OZHall\MPLABXProjects\ENVGEN8_ElecDruid_Z209\newpic_8b_simple.asm
              SkipSustain   0x00005d    program     static C:\Users\OZHall\MPLABXProjects\ENVGEN8_ElecDruid_Z209\newpic_8b_simple.asm
            StartEnvelope   0x00001b    program     static C:\Users\OZHall\MPLABXProjects\ENVGEN8_ElecDruid_Z209\newpic_8b_simple.asm
                  Sustain   0x0000b8    program     static C:\Users\OZHall\MPLABXProjects\ENVGEN8_ElecDruid_Z209\newpic_8b_simple.asm
                SustainCV   0x0001fe    program     static C:\Users\OZHall\MPLABXProjects\ENVGEN8_ElecDruid_Z209\newpic_8b_simple.asm
         TestEnvelopeMode   0x000223    program     static C:\Users\OZHall\MPLABXProjects\ENVGEN8_ElecDruid_Z209\newpic_8b_simple.asm
                 TestGate   0x000025    program     static C:\Users\OZHall\MPLABXProjects\ENVGEN8_ElecDruid_Z209\newpic_8b_simple.asm
              TestLFOMode   0x00022a    program     static C:\Users\OZHall\MPLABXProjects\ENVGEN8_ElecDruid_Z209\newpic_8b_simple.asm
              TestLooping   0x000057    program     static C:\Users\OZHall\MPLABXProjects\ENVGEN8_ElecDruid_Z209\newpic_8b_simple.asm
           TestLoopingEnd   0x000063    program     static C:\Users\OZHall\MPLABXProjects\ENVGEN8_ElecDruid_Z209\newpic_8b_simple.asm
                TestPunch   0x00004f    program     static C:\Users\OZHall\MPLABXProjects\ENVGEN8_ElecDruid_Z209\newpic_8b_simple.asm
              TestTrigger   0x000017    program     static C:\Users\OZHall\MPLABXProjects\ENVGEN8_ElecDruid_Z209\newpic_8b_simple.asm
                   TimeCV   0x000215    program     static C:\Users\OZHall\MPLABXProjects\ENVGEN8_ElecDruid_Z209\newpic_8b_simple.asm
                     Wait   0x00007e    program     static C:\Users\OZHall\MPLABXProjects\ENVGEN8_ElecDruid_Z209\newpic_8b_simple.asm
             _.org_1_016B   0x00016b    program     static C:\Users\OZHall\MPLABXProjects\ENVGEN8_ElecDruid_Z209\newpic_8b_simple.asm
             _.org_1_016E   0x00016e    program     static C:\Users\OZHall\MPLABXProjects\ENVGEN8_ElecDruid_Z209\newpic_8b_simple.asm



                              Symbols - Sorted by Address
                     Name    Address   Location    Storage File                     
                ---------  ---------  ---------  --------- ---------                
           InterruptEnter   0x000004    program     static C:\Users\OZHall\MPLABXProjects\ENVGEN8_ElecDruid_Z209\newpic_8b_simple.asm
              TestTrigger   0x000017    program     static C:\Users\OZHall\MPLABXProjects\ENVGEN8_ElecDruid_Z209\newpic_8b_simple.asm
            StartEnvelope   0x00001b    program     static C:\Users\OZHall\MPLABXProjects\ENVGEN8_ElecDruid_Z209\newpic_8b_simple.asm
                 TestGate   0x000025    program     static C:\Users\OZHall\MPLABXProjects\ENVGEN8_ElecDruid_Z209\newpic_8b_simple.asm
              EndEnvelope   0x000029    program     static C:\Users\OZHall\MPLABXProjects\ENVGEN8_ElecDruid_Z209\newpic_8b_simple.asm
         GenerateEnvelope   0x000032    program     static C:\Users\OZHall\MPLABXProjects\ENVGEN8_ElecDruid_Z209\newpic_8b_simple.asm
          GetAttackOffset   0x00003a    program     static C:\Users\OZHall\MPLABXProjects\ENVGEN8_ElecDruid_Z209\newpic_8b_simple.asm
           GetPunchOffset   0x00003c    program     static C:\Users\OZHall\MPLABXProjects\ENVGEN8_ElecDruid_Z209\newpic_8b_simple.asm
           GetDecayOffset   0x00003e    program     static C:\Users\OZHall\MPLABXProjects\ENVGEN8_ElecDruid_Z209\newpic_8b_simple.asm
         GetReleaseOffset   0x000040    program     static C:\Users\OZHall\MPLABXProjects\ENVGEN8_ElecDruid_Z209\newpic_8b_simple.asm
           IncrementPhase   0x000041    program     static C:\Users\OZHall\MPLABXProjects\ENVGEN8_ElecDruid_Z209\newpic_8b_simple.asm
                NextStage   0x00004b    program     static C:\Users\OZHall\MPLABXProjects\ENVGEN8_ElecDruid_Z209\newpic_8b_simple.asm
                TestPunch   0x00004f    program     static C:\Users\OZHall\MPLABXProjects\ENVGEN8_ElecDruid_Z209\newpic_8b_simple.asm
                SkipPunch   0x000051    program     static C:\Users\OZHall\MPLABXProjects\ENVGEN8_ElecDruid_Z209\newpic_8b_simple.asm
              TestLooping   0x000057    program     static C:\Users\OZHall\MPLABXProjects\ENVGEN8_ElecDruid_Z209\newpic_8b_simple.asm
 LoopingEnvelopeOrLFOMode   0x00005a    program     static C:\Users\OZHall\MPLABXProjects\ENVGEN8_ElecDruid_Z209\newpic_8b_simple.asm
              SkipSustain   0x00005d    program     static C:\Users\OZHall\MPLABXProjects\ENVGEN8_ElecDruid_Z209\newpic_8b_simple.asm
           TestLoopingEnd   0x000063    program     static C:\Users\OZHall\MPLABXProjects\ENVGEN8_ElecDruid_Z209\newpic_8b_simple.asm
             LoopToAttack   0x00006c    program     static C:\Users\OZHall\MPLABXProjects\ENVGEN8_ElecDruid_Z209\newpic_8b_simple.asm
           NormalEnvelope   0x000073    program     static C:\Users\OZHall\MPLABXProjects\ENVGEN8_ElecDruid_Z209\newpic_8b_simple.asm
              SelectStage   0x000076    program     static C:\Users\OZHall\MPLABXProjects\ENVGEN8_ElecDruid_Z209\newpic_8b_simple.asm
        SelectStageBranch   0x000078    program     static C:\Users\OZHall\MPLABXProjects\ENVGEN8_ElecDruid_Z209\newpic_8b_simple.asm
                     Wait   0x00007e    program     static C:\Users\OZHall\MPLABXProjects\ENVGEN8_ElecDruid_Z209\newpic_8b_simple.asm
                   Attack   0x000081    program     static C:\Users\OZHall\MPLABXProjects\ENVGEN8_ElecDruid_Z209\newpic_8b_simple.asm
        ExponentialAttack   0x00008b    program     static C:\Users\OZHall\MPLABXProjects\ENVGEN8_ElecDruid_Z209\newpic_8b_simple.asm
            AttackScaling   0x000094    program     static C:\Users\OZHall\MPLABXProjects\ENVGEN8_ElecDruid_Z209\newpic_8b_simple.asm
                    Punch   0x00009c    program     static C:\Users\OZHall\MPLABXProjects\ENVGEN8_ElecDruid_Z209\newpic_8b_simple.asm
                    Decay   0x0000a0    program     static C:\Users\OZHall\MPLABXProjects\ENVGEN8_ElecDruid_Z209\newpic_8b_simple.asm
         ExponentialDecay   0x0000a9    program     static C:\Users\OZHall\MPLABXProjects\ENVGEN8_ElecDruid_Z209\newpic_8b_simple.asm
             DecayScaling   0x0000b2    program     static C:\Users\OZHall\MPLABXProjects\ENVGEN8_ElecDruid_Z209\newpic_8b_simple.asm
                  Sustain   0x0000b8    program     static C:\Users\OZHall\MPLABXProjects\ENVGEN8_ElecDruid_Z209\newpic_8b_simple.asm
                  Release   0x0000bc    program     static C:\Users\OZHall\MPLABXProjects\ENVGEN8_ElecDruid_Z209\newpic_8b_simple.asm
       ExponentialRelease   0x0000c6    program     static C:\Users\OZHall\MPLABXProjects\ENVGEN8_ElecDruid_Z209\newpic_8b_simple.asm
           ReleaseScaling   0x0000cf    program     static C:\Users\OZHall\MPLABXProjects\ENVGEN8_ElecDruid_Z209\newpic_8b_simple.asm
                DACOutput   0x0000d8    program     static C:\Users\OZHall\MPLABXProjects\ENVGEN8_ElecDruid_Z209\newpic_8b_simple.asm
            InterruptExit   0x0000df    program     static C:\Users\OZHall\MPLABXProjects\ENVGEN8_ElecDruid_Z209\newpic_8b_simple.asm
            Multiply10x10   0x0000e0    program     static C:\Users\OZHall\MPLABXProjects\ENVGEN8_ElecDruid_Z209\newpic_8b_simple.asm
                 MultBit0   0x0000e2    program     static C:\Users\OZHall\MPLABXProjects\ENVGEN8_ElecDruid_Z209\newpic_8b_simple.asm
                 MultBit1   0x0000e9    program     static C:\Users\OZHall\MPLABXProjects\ENVGEN8_ElecDruid_Z209\newpic_8b_simple.asm
                 MultBit2   0x0000f2    program     static C:\Users\OZHall\MPLABXProjects\ENVGEN8_ElecDruid_Z209\newpic_8b_simple.asm
                 MultBit3   0x0000fb    program     static C:\Users\OZHall\MPLABXProjects\ENVGEN8_ElecDruid_Z209\newpic_8b_simple.asm
                 MultBit4   0x000104    program     static C:\Users\OZHall\MPLABXProjects\ENVGEN8_ElecDruid_Z209\newpic_8b_simple.asm
                 MultBit5   0x00010d    program     static C:\Users\OZHall\MPLABXProjects\ENVGEN8_ElecDruid_Z209\newpic_8b_simple.asm
                 MultBit6   0x000116    program     static C:\Users\OZHall\MPLABXProjects\ENVGEN8_ElecDruid_Z209\newpic_8b_simple.asm
                 MultBit7   0x00011f    program     static C:\Users\OZHall\MPLABXProjects\ENVGEN8_ElecDruid_Z209\newpic_8b_simple.asm
                 MultBit8   0x000128    program     static C:\Users\OZHall\MPLABXProjects\ENVGEN8_ElecDruid_Z209\newpic_8b_simple.asm
                 MultBit9   0x000131    program     static C:\Users\OZHall\MPLABXProjects\ENVGEN8_ElecDruid_Z209\newpic_8b_simple.asm
                  MultEnd   0x00013a    program     static C:\Users\OZHall\MPLABXProjects\ENVGEN8_ElecDruid_Z209\newpic_8b_simple.asm
          LookupAndInterp   0x00013d    program     static C:\Users\OZHall\MPLABXProjects\ENVGEN8_ElecDruid_Z209\newpic_8b_simple.asm
           DoADConversion   0x000166    program     static C:\Users\OZHall\MPLABXProjects\ENVGEN8_ElecDruid_Z209\newpic_8b_simple.asm
             _.org_1_016B   0x00016b    program     static C:\Users\OZHall\MPLABXProjects\ENVGEN8_ElecDruid_Z209\newpic_8b_simple.asm
             _.org_1_016E   0x00016e    program     static C:\Users\OZHall\MPLABXProjects\ENVGEN8_ElecDruid_Z209\newpic_8b_simple.asm
                     Main   0x000173    program     static C:\Users\OZHall\MPLABXProjects\ENVGEN8_ElecDruid_Z209\newpic_8b_simple.asm
                 MainLoop   0x0001cb    program     static C:\Users\OZHall\MPLABXProjects\ENVGEN8_ElecDruid_Z209\newpic_8b_simple.asm
         SelectADCChannel   0x0001cc    program     static C:\Users\OZHall\MPLABXProjects\ENVGEN8_ElecDruid_Z209\newpic_8b_simple.asm
       ScannedAllChannels   0x0001d5    program     static C:\Users\OZHall\MPLABXProjects\ENVGEN8_ElecDruid_Z209\newpic_8b_simple.asm
                 AttackCV   0x0001d8    program     static C:\Users\OZHall\MPLABXProjects\ENVGEN8_ElecDruid_Z209\newpic_8b_simple.asm
                  DecayCV   0x0001eb    program     static C:\Users\OZHall\MPLABXProjects\ENVGEN8_ElecDruid_Z209\newpic_8b_simple.asm
                SustainCV   0x0001fe    program     static C:\Users\OZHall\MPLABXProjects\ENVGEN8_ElecDruid_Z209\newpic_8b_simple.asm
                ReleaseCV   0x000202    program     static C:\Users\OZHall\MPLABXProjects\ENVGEN8_ElecDruid_Z209\newpic_8b_simple.asm
                   TimeCV   0x000215    program     static C:\Users\OZHall\MPLABXProjects\ENVGEN8_ElecDruid_Z209\newpic_8b_simple.asm
                   ModeCV   0x00021a    program     static C:\Users\OZHall\MPLABXProjects\ENVGEN8_ElecDruid_Z209\newpic_8b_simple.asm
         TestEnvelopeMode   0x000223    program     static C:\Users\OZHall\MPLABXProjects\ENVGEN8_ElecDruid_Z209\newpic_8b_simple.asm
          SetEnvelopeMode   0x000227    program     static C:\Users\OZHall\MPLABXProjects\ENVGEN8_ElecDruid_Z209\newpic_8b_simple.asm
              TestLFOMode   0x00022a    program     static C:\Users\OZHall\MPLABXProjects\ENVGEN8_ElecDruid_Z209\newpic_8b_simple.asm
               SetLFOMode   0x00022e    program     static C:\Users\OZHall\MPLABXProjects\ENVGEN8_ElecDruid_Z209\newpic_8b_simple.asm
   SetLoopingEnvelopeMode   0x00023a    program     static C:\Users\OZHall\MPLABXProjects\ENVGEN8_ElecDruid_Z209\newpic_8b_simple.asm
          ControlLookupHi   0x000300    program     static C:\Users\OZHall\MPLABXProjects\ENVGEN8_ElecDruid_Z209\newpic_8b_simple.asm
         ControlLookupMid   0x000400    program     static C:\Users\OZHall\MPLABXProjects\ENVGEN8_ElecDruid_Z209\newpic_8b_simple.asm
          ControlLookupLo   0x000500    program     static C:\Users\OZHall\MPLABXProjects\ENVGEN8_ElecDruid_Z209\newpic_8b_simple.asm
              AttackCurve   0x000600    program     static C:\Users\OZHall\MPLABXProjects\ENVGEN8_ElecDruid_Z209\newpic_8b_simple.asm
               DecayCurve   0x000802    program     static C:\Users\OZHall\MPLABXProjects\ENVGEN8_ElecDruid_Z209\newpic_8b_simple.asm


